============================= test session starts =============================
platform win32 -- Python 3.13.2, pytest-9.0.1, pluggy-1.6.0 -- C:\Users\steve\dev\CosmoSim\.venv\Scripts\python.exe
cachedir: .pytest_cache
rootdir: C:\Users\steve\dev\CosmoSim
collecting ... collected 7 items

tests/test_interface_integrity.py::test_interface_existence[visualize] PASSED [ 14%]
tests/test_interface_integrity.py::test_interface_existence[snapshot_plot] PASSED [ 28%]
tests/test_interface_integrity.py::test_interface_existence[trajectory_plot] PASSED [ 42%]
tests/test_interface_integrity.py::test_interface_existence[energy_plot] PASSED [ 57%]
tests/test_interface_integrity.py::test_interface_existence[scenarios.manual_run] PASSED [ 71%]
tests/test_interface_integrity.py::test_interface_existence[scenarios.random_nbody] PASSED [ 85%]
tests/test_interface_integrity.py::test_interface_existence[scenarios.scenario_runner] PASSED [100%]

============================== 7 passed in 0.67s ==============================
